Test loss: 0.4392
Test accuracy: 0.8720

              precision    recall  f1-score   support

           c     0.7467    0.9875    0.8504       400
        down     0.9926    1.0000    0.9963       400
        fist     0.7492    0.5900    0.6601       400
  fist moved     0.7099    0.8075    0.7556       400
       index     0.9920    0.9275    0.9587       400
           l     0.8450    0.8450    0.8450       400
          ok     1.0000    0.9075    0.9515       400
        palm     0.9496    0.8000    0.8684       400
  palm moved     1.0000    0.8550    0.9218       400
       thumb     0.8299    1.0000    0.9070       400

    accuracy                         0.8720      4000
   macro avg     0.8815    0.8720    0.8715      4000
weighted avg     0.8815    0.8720    0.8715      4000

Confusion matrix:
[[395   0   0   5   0   0   0   0   0   0]
 [  0 400   0   0   0   0   0   0   0   0]
 [ 29   3 236  85   0   0   0   0   0  47]
 [ 77   0   0 323   0   0   0   0   0   0]
 [  0   0   0   0 371  29   0   0   0   0]
 [  2   0  10  12   3 338   0   0   0  35]
 [  4   0   0   0   0  33 363   0   0   0]
 [ 11   0  69   0   0   0   0 320   0   0]
 [ 11   0   0  30   0   0   0  17 342   0]
 [  0   0   0   0   0   0   0   0   0 400]]
